// Jest Snapshot v1, https://goo.gl/fbAQLP

exports[`<Flexbox /> matches snapshot 1`] = `
<div
  style={
    Object {
      "display": "flex",
      "flexFlow": "row wrap",
      "justifyContent": "flex-end",
      "margin": 0,
    }
  }
/>
`;
