// Jest Snapshot v1, https://goo.gl/fbAQLP

exports[`<Toolbar /> matches snapshot 1`] = `
<Flexbox
  justifyContent="space-around"
>
  <Connect(Component) />
  <RangeButtons />
</Flexbox>
`;
