// Jest Snapshot v1, https://goo.gl/fbAQLP

exports[`<ChartTabs /> matches snapshot 1`] = `
ShallowWrapper {
  "complexSelector": ComplexSelector {
    "buildPredicate": [Function],
    "childrenOfNode": [Function],
    "findWhereUnwrapped": [Function],
  },
  "length": 1,
  "node": <Uncontrolled(Tabs)
    defaultActiveKey={1}
    id="tab-id-required-for-accessibility"
    onSelect={undefined}
>
    <Tab
        eventKey={1}
        title="Duration"
    />
    <Tab
        eventKey={2}
        title="Weight (kg)"
    />
    <Tab
        eventKey={3}
        title="Body Fat %"
    />
</Uncontrolled(Tabs)>,
  "nodes": Array [
    <Uncontrolled(Tabs)
      defaultActiveKey={1}
      id="tab-id-required-for-accessibility"
      onSelect={undefined}
>
      <Tab
            eventKey={1}
            title="Duration"
      />
      <Tab
            eventKey={2}
            title="Weight (kg)"
      />
      <Tab
            eventKey={3}
            title="Body Fat %"
      />
</Uncontrolled(Tabs)>,
  ],
  "options": Object {},
  "renderer": ReactShallowRenderer {
    "_instance": ShallowComponentWrapper {
      "_calledComponentWillUnmount": false,
      "_compositeType": 2,
      "_context": Object {},
      "_currentElement": <ChartTabs />,
      "_debugID": 1,
      "_hostContainerInfo": null,
      "_hostParent": null,
      "_instance": StatelessComponent {
        "_reactInternalInstance": [Circular],
        "context": Object {},
        "props": Object {},
        "refs": Object {},
        "state": null,
        "updater": Object {
          "enqueueCallback": [Function],
          "enqueueCallbackInternal": [Function],
          "enqueueElementInternal": [Function],
          "enqueueForceUpdate": [Function],
          "enqueueReplaceState": [Function],
          "enqueueSetState": [Function],
          "isMounted": [Function],
          "validateCallback": [Function],
        },
      },
      "_mountOrder": 1,
      "_pendingCallbacks": null,
      "_pendingElement": null,
      "_pendingForceUpdate": false,
      "_pendingReplaceState": false,
      "_pendingStateQueue": null,
      "_renderedComponent": NoopInternalComponent {
        "_currentElement": <Uncontrolled(Tabs)
          defaultActiveKey={1}
          id="tab-id-required-for-accessibility"
          onSelect={undefined}
>
          <Tab
                    eventKey={1}
                    title="Duration"
          />
          <Tab
                    eventKey={2}
                    title="Weight (kg)"
          />
          <Tab
                    eventKey={3}
                    title="Body Fat %"
          />
</Uncontrolled(Tabs)>,
        "_debugID": 2,
        "_renderedOutput": <Uncontrolled(Tabs)
          defaultActiveKey={1}
          id="tab-id-required-for-accessibility"
          onSelect={undefined}
>
          <Tab
                    eventKey={1}
                    title="Duration"
          />
          <Tab
                    eventKey={2}
                    title="Weight (kg)"
          />
          <Tab
                    eventKey={3}
                    title="Body Fat %"
          />
</Uncontrolled(Tabs)>,
      },
      "_renderedNodeType": 1,
      "_rootNodeID": 0,
      "_topLevelWrapper": null,
      "_updateBatchNumber": null,
      "_warnedAboutRefsInRender": false,
    },
    "getRenderOutput": [Function],
    "render": [Function],
  },
  "root": [Circular],
  "unrendered": <ChartTabs />,
}
`;
