// Jest Snapshot v1, https://goo.gl/fbAQLP

exports[`<Link /> matches snapshot 1`] = `
<styled.a
  className="btn btn-default"
  href="#"
  onClick={[Function]}
/>
`;
